<?xml version="1.0" encoding="UTF-8"?><theHarvester><host><ip>69.147.64.34</ip><hostname>baseball.fantasysports.yahoo.com</hostname></host><host><ip>66.218.84.43</ip><hostname>ca.finance.yahoo.com</hostname></host><host><ip>98.136.96.141</ip><hostname>ca.news.yahoo.com</hostname></host><host><ip>69.147.82.61</ip><hostname>ca.sports.yahoo.com</hostname></host><host><ip>66.218.84.137</ip><hostname>downloads.yahoo.com</hostname></host><host><ip>66.218.84.42</ip><hostname>e1.mail.yahoo.com</hostname></host><host><ip>72.30.35.10</ip><hostname>en-maktoob.yahoo.com</hostname></host><host><ip>98.136.96.141</ip><hostname>es-us.deportes.yahoo.com</hostname></host><host><ip>74.6.144.139</ip><hostname>es-us.vida-estilo.yahoo.com</hostname></host><host><ip>98.138.219.231</ip><hostname>espanol.yahoo.com</hostname></host><host><ip>74.6.144.139</ip><hostname>finance.yahoo.com</hostname></host><host><ip>66.218.84.42</ip><hostname>football.fantasysports.yahoo.com</hostname></host><host><ip>72.30.35.10</ip><hostname>fr-be.yahoo.com</hostname></host><host><ip>66.218.84.42</ip><hostname>fr.mail.yahoo.com</hostname></host><host><ip>98.136.96.141</ip><hostname>fr.news.yahoo.com</hostname></host><host><ip>72.30.35.10</ip><hostname>frontier.yahoo.com</hostname></host><host><ip>98.138.219.231</ip><hostname>gr.yahoo.com</hostname></host><host><ip>98.136.100.143</ip><hostname>hk.news.yahoo.com</hostname></host><host><ip>72.30.35.9</ip><hostname>id.yahoo.com</hostname></host><host><ip>66.218.84.137</ip><hostname>images.search.yahoo.com</hostname></host><host><ip>66.218.84.43</ip><hostname>in.mail.yahoo.com</hostname></host><host><ip>98.136.96.141</ip><hostname>in.news.yahoo.com</hostname></host><host><ip>72.30.35.9</ip><hostname>in.yahoo.com</hostname></host><host><ip>67.195.204.151</ip><hostname>login.yahoo.com</hostname></host><host><ip>66.218.84.43</ip><hostname>mail.yahoo.com</hostname></host><host><ip>72.30.35.10</ip><hostname>malaysia.yahoo.com</hostname></host><host><ip>66.218.84.137</ip><hostname>maps.yahoo.com</hostname></host><host><ip>98.136.96.141</ip><hostname>mobile.yahoo.com</hostname></host><host><ip>72.30.35.9</ip><hostname>my.yahoo.com</hostname></host><host><ip>98.136.96.141</ip><hostname>news.yahoo.com</hostname></host><host><ip>74.6.144.139</ip><hostname>nz.news.yahoo.com</hostname></host><host><ip>72.30.35.10</ip><hostname>nz.yahoo.com</hostname></host><host><ip>66.218.84.42</ip><hostname>overview.mail.yahoo.com</hostname></host><host><ip>72.30.35.10</ip><hostname>se.yahoo.com</hostname></host><host><ip>66.218.84.137</ip><hostname>search.yahoo.com</hostname></host><host><ip>98.136.96.141</ip><hostname>sg.news.yahoo.com</hostname></host><host><ip>66.218.84.137</ip><hostname>sg.search.yahoo.com</hostname></host><host><ip>74.6.144.139</ip><hostname>sg.style.yahoo.com</hostname></host><host><ip>98.139.28.144</ip><hostname>smallbusiness.yahoo.com</hostname></host><host><ip>69.147.82.61</ip><hostname>sports.yahoo.com</hostname></host><host><ip>98.136.100.143</ip><hostname>tw.news.yahoo.com</hostname></host><host><ip>66.218.84.42</ip><hostname>uk.finance.yahoo.com</hostname></host><host><ip>69.147.82.60</ip><hostname>uk.sports.yahoo.com</hostname></host><host><ip>66.218.84.137</ip><hostname>us.search.yahoo.com</hostname></host><host><ip>72.30.35.10</ip><hostname>us.yahoo.com</hostname></host><host><ip>72.30.35.10</ip><hostname>www.yahoo.com</hostname></host></theHarvester>